{"asctime": "2025-11-26 17:16:45,420", "levelname": "INFO", "name": "app_logger", "message": "Starting FastAPI application...", "filename": "welcome_page.py", "lineno": 11}
{"asctime": "2025-11-26 17:16:45,420", "levelname": "INFO", "name": "app_logger", "message": "Templates directory set to: C:\\Users\\ravi.kumar\\Desktop\\my_data_engineering_project\\my_data_engineering_project\\sdk\\templates", "filename": "welcome_page.py", "lineno": 15}
{"asctime": "2025-11-26 17:16:45,606", "levelname": "INFO", "name": "app_logger", "message": "Initializing login API router...", "filename": "login_api.py", "lineno": 18}
{"asctime": "2025-11-26 17:16:45,606", "levelname": "INFO", "name": "app_logger", "message": "Templates directory set to: C:\\Users\\ravi.kumar\\Desktop\\my_data_engineering_project\\my_data_engineering_project\\sdk\\templates", "filename": "login_api.py", "lineno": 25}
{"asctime": "2025-11-26 17:16:45,619", "levelname": "INFO", "name": "app_logger", "message": "Initializing login API router...", "filename": "forgot_password_api.py", "lineno": 13}
{"asctime": "2025-11-26 17:16:45,622", "levelname": "INFO", "name": "app_logger", "message": "Initializing login API router...", "filename": "reset_password_api.py", "lineno": 15}
{"asctime": "2025-11-26 17:16:45,691", "levelname": "INFO", "name": "app_logger", "message": "Initializing login API router...", "filename": "homepage_api.py", "lineno": 7}
{"asctime": "2025-11-26 17:16:45,691", "levelname": "INFO", "name": "app_logger", "message": "Starting FastAPI application...", "filename": "main_routers.py", "lineno": 23}
{"asctime": "2025-11-26 17:16:45,691", "levelname": "INFO", "name": "app_logger", "message": "Welcome router included: /welcome", "filename": "main_routers.py", "lineno": 25}
{"asctime": "2025-11-26 17:16:45,699", "levelname": "INFO", "name": "app_logger", "message": "Login router included: /login", "filename": "main_routers.py", "lineno": 28}
{"asctime": "2025-11-26 17:16:45,701", "levelname": "INFO", "name": "app_logger", "message": "Homepage router included: /home", "filename": "main_routers.py", "lineno": 32}
{"asctime": "2025-11-26 17:16:45,704", "levelname": "INFO", "name": "app_logger", "message": "New user registration router included: /register", "filename": "main_routers.py", "lineno": 37}
{"asctime": "2025-11-26 17:16:45,704", "levelname": "INFO", "name": "app_logger", "message": "Forgot password router included: /forgot_password", "filename": "main_routers.py", "lineno": 40}
{"asctime": "2025-11-26 17:16:45,707", "levelname": "INFO", "name": "app_logger", "message": "Reset password router included: /reset_password", "filename": "main_routers.py", "lineno": 43}
{"asctime": "2025-11-26 17:16:45,707", "levelname": "INFO", "name": "app_logger", "message": "deploy schema router included: /deploy-schema", "filename": "main_routers.py", "lineno": 46}
{"asctime": "2025-11-26 17:16:49,551", "levelname": "INFO", "name": "app_logger", "message": "Rendering home page", "filename": "welcome_page.py", "lineno": 19}
{"asctime": "2025-11-26 17:16:54,535", "levelname": "INFO", "name": "app_logger", "message": "Rendering login page", "filename": "login_api.py", "lineno": 32}
{"asctime": "2025-11-26 17:16:55,606", "levelname": "INFO", "name": "app_logger", "message": "Processing login request", "filename": "login_api.py", "lineno": 40}
{"asctime": "2025-11-26 17:16:55,606", "levelname": "INFO", "name": "app_logger", "message": "recieved login request for user: ravi123", "filename": "login_api.py", "lineno": 46}
{"asctime": "2025-11-26 17:16:55,608", "levelname": "ERROR", "name": "app_logger", "message": "An error occurred during login: name 'settings' is not defined", "filename": "login_api.py", "lineno": 96}
{"asctime": "2025-11-26 17:17:03,484", "levelname": "INFO", "name": "app_logger", "message": "Processing login request", "filename": "login_api.py", "lineno": 40}
{"asctime": "2025-11-26 17:17:03,484", "levelname": "INFO", "name": "app_logger", "message": "recieved login request for user: ravi123", "filename": "login_api.py", "lineno": 46}
{"asctime": "2025-11-26 17:17:03,487", "levelname": "ERROR", "name": "app_logger", "message": "An error occurred during login: name 'settings' is not defined", "filename": "login_api.py", "lineno": 96}
{"asctime": "2025-11-26 17:17:23,380", "levelname": "INFO", "name": "app_logger", "message": "Processing login request", "filename": "login_api.py", "lineno": 40}
{"asctime": "2025-11-26 17:17:23,380", "levelname": "INFO", "name": "app_logger", "message": "recieved login request for user: ravi123", "filename": "login_api.py", "lineno": 46}
{"asctime": "2025-11-26 17:17:23,384", "levelname": "ERROR", "name": "app_logger", "message": "An error occurred during login: name 'settings' is not defined", "filename": "login_api.py", "lineno": 96}
{"asctime": "2025-11-26 17:17:45,103", "levelname": "INFO", "name": "app_logger", "message": "Processing login request", "filename": "login_api.py", "lineno": 40}
{"asctime": "2025-11-26 17:17:45,103", "levelname": "INFO", "name": "app_logger", "message": "recieved login request for user: ravi123", "filename": "login_api.py", "lineno": 46}
{"asctime": "2025-11-26 17:17:45,105", "levelname": "ERROR", "name": "app_logger", "message": "An error occurred during login: name 'settings' is not defined", "filename": "login_api.py", "lineno": 96}
{"asctime": "2025-11-26 17:17:48,939", "levelname": "INFO", "name": "app_logger", "message": "Processing login request", "filename": "login_api.py", "lineno": 40}
{"asctime": "2025-11-26 17:17:48,939", "levelname": "INFO", "name": "app_logger", "message": "recieved login request for user: ravi123", "filename": "login_api.py", "lineno": 46}
{"asctime": "2025-11-26 17:17:48,939", "levelname": "ERROR", "name": "app_logger", "message": "An error occurred during login: name 'settings' is not defined", "filename": "login_api.py", "lineno": 96}
{"asctime": "2025-11-26 17:18:10,335", "levelname": "INFO", "name": "app_logger", "message": "Processing forgot password request", "filename": "forgot_password_api.py", "lineno": 31}
{"asctime": "2025-11-26 17:18:10,335", "levelname": "ERROR", "name": "app_logger", "message": "Forgot password error: name 'settings' is not defined", "filename": "forgot_password_api.py", "lineno": 56}
{"asctime": "2025-11-26 17:18:19,344", "levelname": "INFO", "name": "app_logger", "message": "Processing forgot password request", "filename": "forgot_password_api.py", "lineno": 31}
{"asctime": "2025-11-26 17:18:19,346", "levelname": "ERROR", "name": "app_logger", "message": "Forgot password error: name 'settings' is not defined", "filename": "forgot_password_api.py", "lineno": 56}
{"asctime": "2025-11-26 17:18:26,873", "levelname": "INFO", "name": "app_logger", "message": "Rendering login page", "filename": "login_api.py", "lineno": 32}
{"asctime": "2025-11-26 17:18:28,974", "levelname": "INFO", "name": "app_logger", "message": "Processing login request", "filename": "login_api.py", "lineno": 40}
{"asctime": "2025-11-26 17:18:28,975", "levelname": "INFO", "name": "app_logger", "message": "recieved login request for user: ravi123", "filename": "login_api.py", "lineno": 46}
{"asctime": "2025-11-26 17:18:28,976", "levelname": "ERROR", "name": "app_logger", "message": "An error occurred during login: name 'settings' is not defined", "filename": "login_api.py", "lineno": 96}
{"asctime": "2025-11-26 17:18:39,365", "levelname": "INFO", "name": "app_logger", "message": "Processing login request", "filename": "login_api.py", "lineno": 40}
{"asctime": "2025-11-26 17:18:39,367", "levelname": "INFO", "name": "app_logger", "message": "recieved login request for user: ravi123", "filename": "login_api.py", "lineno": 46}
{"asctime": "2025-11-26 17:18:39,367", "levelname": "ERROR", "name": "app_logger", "message": "An error occurred during login: name 'settings' is not defined", "filename": "login_api.py", "lineno": 96}
{"asctime": "2025-11-26 17:18:57,153", "levelname": "INFO", "name": "app_logger", "message": "Processing login request", "filename": "login_api.py", "lineno": 40}
{"asctime": "2025-11-26 17:18:57,162", "levelname": "INFO", "name": "app_logger", "message": "recieved login request for user: ravi123", "filename": "login_api.py", "lineno": 46}
{"asctime": "2025-11-26 17:18:57,162", "levelname": "ERROR", "name": "app_logger", "message": "An error occurred during login: name 'settings' is not defined", "filename": "login_api.py", "lineno": 96}
{"asctime": "2025-11-26 17:19:05,467", "levelname": "INFO", "name": "app_logger", "message": "Processing login request", "filename": "login_api.py", "lineno": 40}
{"asctime": "2025-11-26 17:19:05,469", "levelname": "INFO", "name": "app_logger", "message": "recieved login request for user: ravi123", "filename": "login_api.py", "lineno": 46}
{"asctime": "2025-11-26 17:19:05,470", "levelname": "ERROR", "name": "app_logger", "message": "An error occurred during login: name 'settings' is not defined", "filename": "login_api.py", "lineno": 96}
{"asctime": "2025-11-26 17:19:11,875", "levelname": "INFO", "name": "app_logger", "message": "Rendering registration page", "filename": "new_user_register_api.py", "lineno": 20}
{"asctime": "2025-11-26 17:19:45,546", "levelname": "INFO", "name": "app_logger", "message": "Received registration request for username: ravi1234", "filename": "new_user_register_api.py", "lineno": 31}
{"asctime": "2025-11-26 17:19:45,547", "levelname": "ERROR", "name": "app_logger", "message": "Registration error: name 'settings' is not defined", "filename": "new_user_register_api.py", "lineno": 76}
{"asctime": "2025-11-26 17:22:18,976", "levelname": "INFO", "name": "app_logger", "message": "Starting FastAPI application...", "filename": "welcome_page.py", "lineno": 11}
{"asctime": "2025-11-26 17:22:18,977", "levelname": "INFO", "name": "app_logger", "message": "Templates directory set to: C:\\Users\\ravi.kumar\\Desktop\\my_data_engineering_project\\my_data_engineering_project\\sdk\\templates", "filename": "welcome_page.py", "lineno": 15}
{"asctime": "2025-11-26 17:22:19,190", "levelname": "INFO", "name": "app_logger", "message": "Initializing login API router...", "filename": "login_api.py", "lineno": 18}
{"asctime": "2025-11-26 17:22:19,190", "levelname": "INFO", "name": "app_logger", "message": "Templates directory set to: C:\\Users\\ravi.kumar\\Desktop\\my_data_engineering_project\\my_data_engineering_project\\sdk\\templates", "filename": "login_api.py", "lineno": 25}
{"asctime": "2025-11-26 17:22:19,231", "levelname": "INFO", "name": "app_logger", "message": "Initializing login API router...", "filename": "forgot_password_api.py", "lineno": 13}
{"asctime": "2025-11-26 17:22:19,231", "levelname": "INFO", "name": "app_logger", "message": "Initializing login API router...", "filename": "reset_password_api.py", "lineno": 15}
{"asctime": "2025-11-26 17:22:19,275", "levelname": "INFO", "name": "app_logger", "message": "Initializing login API router...", "filename": "homepage_api.py", "lineno": 7}
{"asctime": "2025-11-26 17:22:19,276", "levelname": "INFO", "name": "app_logger", "message": "Starting FastAPI application...", "filename": "main_routers.py", "lineno": 23}
{"asctime": "2025-11-26 17:22:19,277", "levelname": "INFO", "name": "app_logger", "message": "Welcome router included: /welcome", "filename": "main_routers.py", "lineno": 25}
{"asctime": "2025-11-26 17:22:19,279", "levelname": "INFO", "name": "app_logger", "message": "Login router included: /login", "filename": "main_routers.py", "lineno": 28}
{"asctime": "2025-11-26 17:22:19,279", "levelname": "INFO", "name": "app_logger", "message": "Homepage router included: /home", "filename": "main_routers.py", "lineno": 32}
{"asctime": "2025-11-26 17:22:19,283", "levelname": "INFO", "name": "app_logger", "message": "New user registration router included: /register", "filename": "main_routers.py", "lineno": 37}
{"asctime": "2025-11-26 17:22:19,285", "levelname": "INFO", "name": "app_logger", "message": "Forgot password router included: /forgot_password", "filename": "main_routers.py", "lineno": 40}
{"asctime": "2025-11-26 17:22:19,285", "levelname": "INFO", "name": "app_logger", "message": "Reset password router included: /reset_password", "filename": "main_routers.py", "lineno": 43}
{"asctime": "2025-11-26 17:22:19,291", "levelname": "INFO", "name": "app_logger", "message": "deploy schema router included: /deploy-schema", "filename": "main_routers.py", "lineno": 46}
{"asctime": "2025-11-26 17:22:22,759", "levelname": "INFO", "name": "app_logger", "message": "Rendering home page", "filename": "welcome_page.py", "lineno": 19}
{"asctime": "2025-11-26 17:22:24,264", "levelname": "INFO", "name": "app_logger", "message": "Rendering login page", "filename": "login_api.py", "lineno": 32}
{"asctime": "2025-11-26 17:22:25,634", "levelname": "INFO", "name": "app_logger", "message": "Processing login request", "filename": "login_api.py", "lineno": 40}
{"asctime": "2025-11-26 17:22:25,637", "levelname": "INFO", "name": "app_logger", "message": "recieved login request for user: ravi123", "filename": "login_api.py", "lineno": 46}
{"asctime": "2025-11-26 17:22:25,639", "levelname": "ERROR", "name": "app_logger", "message": "An error occurred during login: name 'settings' is not defined", "filename": "login_api.py", "lineno": 96}
{"asctime": "2025-11-26 17:22:32,746", "levelname": "INFO", "name": "app_logger", "message": "Processing login request", "filename": "login_api.py", "lineno": 40}
{"asctime": "2025-11-26 17:22:32,748", "levelname": "INFO", "name": "app_logger", "message": "recieved login request for user: ravi123", "filename": "login_api.py", "lineno": 46}
{"asctime": "2025-11-26 17:22:32,749", "levelname": "ERROR", "name": "app_logger", "message": "An error occurred during login: name 'settings' is not defined", "filename": "login_api.py", "lineno": 96}
{"asctime": "2025-11-26 17:22:37,319", "levelname": "INFO", "name": "app_logger", "message": "Rendering registration page", "filename": "new_user_register_api.py", "lineno": 20}
{"asctime": "2025-11-26 17:22:55,093", "levelname": "INFO", "name": "app_logger", "message": "Received registration request for username: ravi1234", "filename": "new_user_register_api.py", "lineno": 31}
{"asctime": "2025-11-26 17:22:55,095", "levelname": "ERROR", "name": "app_logger", "message": "Registration error: name 'settings' is not defined", "filename": "new_user_register_api.py", "lineno": 76}
{"asctime": "2025-11-26 17:28:41,650", "levelname": "INFO", "name": "app_logger", "message": "Rendering home page", "filename": "welcome_page.py", "lineno": 19}
{"asctime": "2025-11-26 17:28:44,641", "levelname": "INFO", "name": "app_logger", "message": "Rendering login page", "filename": "login_api.py", "lineno": 32}
{"asctime": "2025-11-26 17:28:45,780", "levelname": "INFO", "name": "app_logger", "message": "Processing login request", "filename": "login_api.py", "lineno": 40}
{"asctime": "2025-11-26 17:28:45,782", "levelname": "INFO", "name": "app_logger", "message": "recieved login request for user: ravi123", "filename": "login_api.py", "lineno": 46}
{"asctime": "2025-11-26 17:28:45,782", "levelname": "ERROR", "name": "app_logger", "message": "An error occurred during login: name 'settings' is not defined", "filename": "login_api.py", "lineno": 96}
{"asctime": "2025-11-27 11:04:08,089", "levelname": "INFO", "name": "app_logger", "message": "Starting FastAPI application...", "filename": "welcome_page.py", "lineno": 11}
{"asctime": "2025-11-27 11:04:08,090", "levelname": "INFO", "name": "app_logger", "message": "Templates directory set to: C:\\Users\\ravi.kumar\\Desktop\\my_data_engineering_project\\my_data_engineering_project\\sdk\\templates", "filename": "welcome_page.py", "lineno": 15}
{"asctime": "2025-11-27 11:04:08,531", "levelname": "INFO", "name": "app_logger", "message": "Initializing login API router...", "filename": "login_api.py", "lineno": 18}
{"asctime": "2025-11-27 11:04:08,531", "levelname": "INFO", "name": "app_logger", "message": "Templates directory set to: C:\\Users\\ravi.kumar\\Desktop\\my_data_engineering_project\\my_data_engineering_project\\sdk\\templates", "filename": "login_api.py", "lineno": 25}
{"asctime": "2025-11-27 11:04:08,567", "levelname": "INFO", "name": "app_logger", "message": "Initializing login API router...", "filename": "forgot_password_api.py", "lineno": 13}
{"asctime": "2025-11-27 11:04:08,567", "levelname": "INFO", "name": "app_logger", "message": "Initializing login API router...", "filename": "reset_password_api.py", "lineno": 15}
{"asctime": "2025-11-27 11:04:08,580", "levelname": "INFO", "name": "app_logger", "message": "Initializing login API router...", "filename": "homepage_api.py", "lineno": 7}
{"asctime": "2025-11-27 11:04:08,582", "levelname": "INFO", "name": "app_logger", "message": "Starting FastAPI application...", "filename": "main_routers.py", "lineno": 23}
{"asctime": "2025-11-27 11:04:08,582", "levelname": "INFO", "name": "app_logger", "message": "Welcome router included: /welcome", "filename": "main_routers.py", "lineno": 25}
{"asctime": "2025-11-27 11:04:08,585", "levelname": "INFO", "name": "app_logger", "message": "Login router included: /login", "filename": "main_routers.py", "lineno": 28}
{"asctime": "2025-11-27 11:04:08,585", "levelname": "INFO", "name": "app_logger", "message": "Homepage router included: /home", "filename": "main_routers.py", "lineno": 32}
{"asctime": "2025-11-27 11:04:08,589", "levelname": "INFO", "name": "app_logger", "message": "New user registration router included: /register", "filename": "main_routers.py", "lineno": 37}
{"asctime": "2025-11-27 11:04:08,593", "levelname": "INFO", "name": "app_logger", "message": "Forgot password router included: /forgot_password", "filename": "main_routers.py", "lineno": 40}
{"asctime": "2025-11-27 11:04:08,593", "levelname": "INFO", "name": "app_logger", "message": "Reset password router included: /reset_password", "filename": "main_routers.py", "lineno": 43}
{"asctime": "2025-11-27 11:04:08,593", "levelname": "INFO", "name": "app_logger", "message": "deploy schema router included: /deploy-schema", "filename": "main_routers.py", "lineno": 46}
{"asctime": "2025-11-27 11:04:14,118", "levelname": "INFO", "name": "app_logger", "message": "Rendering home page", "filename": "welcome_page.py", "lineno": 19}
{"asctime": "2025-11-27 11:04:17,657", "levelname": "INFO", "name": "app_logger", "message": "Rendering login page", "filename": "login_api.py", "lineno": 32}
{"asctime": "2025-11-27 11:04:19,087", "levelname": "INFO", "name": "app_logger", "message": "Processing login request", "filename": "login_api.py", "lineno": 40}
{"asctime": "2025-11-27 11:04:19,088", "levelname": "INFO", "name": "app_logger", "message": "recieved login request for user: ravi123", "filename": "login_api.py", "lineno": 46}
{"asctime": "2025-11-27 11:04:19,090", "levelname": "ERROR", "name": "app_logger", "message": "An error occurred during login: name 'settings' is not defined", "filename": "login_api.py", "lineno": 96}
{"asctime": "2025-11-27 11:08:36,417", "levelname": "INFO", "name": "app_logger", "message": "Initializing login API router...", "filename": "homepage_api.py", "lineno": 7}
{"asctime": "2025-11-27 11:08:36,417", "levelname": "INFO", "name": "app_logger", "message": "deploy schema router included: /deploy-schema", "filename": "main_routers.py", "lineno": 46}
{"asctime": "2025-11-27 11:31:11,762", "levelname": "INFO", "name": "app_logger", "message": "Initializing login API router...", "filename": "homepage_api.py", "lineno": 7}
{"asctime": "2025-11-27 11:31:11,762", "levelname": "INFO", "name": "app_logger", "message": "deploy schema router included: /deploy-schema", "filename": "main_routers.py", "lineno": 46}
{"asctime": "2025-11-27 11:32:14,362", "levelname": "INFO", "name": "app_logger", "message": "Deploying schema: db_type=Snowflake, database=sf_db1, schema_version=v1.0", "filename": "deploy_schema.py", "lineno": 30}
{"asctime": "2025-11-27 11:32:14,362", "levelname": "INFO", "name": "app_logger", "message": "Successfully deployed schema v1.0 on sf_db1 (Snowflake).", "filename": "deploy_schema.py", "lineno": 38}
{"asctime": "2025-11-27 13:33:51,095", "levelname": "INFO", "name": "app_logger", "message": "Initializing login API router...", "filename": "homepage_api.py", "lineno": 7}
{"asctime": "2025-11-27 13:33:51,098", "levelname": "INFO", "name": "app_logger", "message": "deploy schema router included: /deploy-schema", "filename": "main_routers.py", "lineno": 46}
{"asctime": "2025-11-27 13:34:29,217", "levelname": "INFO", "name": "app_logger", "message": "Deploy requested: db_type=Snowflake, database=sf_db1, schema=raw, schema_version=v1.0", "filename": "deploy_schema.py", "lineno": 35}
{"asctime": "2025-11-27 13:34:29,217", "levelname": "ERROR", "name": "app_logger", "message": "Error during deployment: 'SnowflakeConnection' object has no attribute 'get_liquibase_connection_params'", "filename": "deploy_schema.py", "lineno": 52}
{"asctime": "2025-11-27 13:36:32,485", "levelname": "INFO", "name": "app_logger", "message": "Initializing login API router...", "filename": "homepage_api.py", "lineno": 7}
{"asctime": "2025-11-27 13:36:32,488", "levelname": "INFO", "name": "app_logger", "message": "deploy schema router included: /deploy-schema", "filename": "main_routers.py", "lineno": 46}
{"asctime": "2025-11-27 13:36:49,564", "levelname": "INFO", "name": "app_logger", "message": "Deploy requested: db_type=Snowflake, database=sf_db1, schema=raw, schema_version=v1.0", "filename": "deploy_schema.py", "lineno": 35}
{"asctime": "2025-11-27 13:36:49,565", "levelname": "INFO", "name": "app_logger", "message": "Executing Liquibase command: liquibase --changeLogFile=C:\\Users\\ravi.kumar\\Desktop\\my_data_engineering_project\\my_data_engineering_project\\sdk\\core\\liquibase\\db.changelog-master.xml --url=jdbc:snowflake://VZWDSIV-YW36212.snowflakecomputing.com/?db=sf_db1&schema=raw --driver=net.snowflake.client.jdbc.SnowflakeDriver --username=SNOWFLAKE --password=Snowflake@1010 update", "filename": "deploy.py", "lineno": 24}
{"asctime": "2025-11-27 13:36:49,568", "levelname": "ERROR", "name": "app_logger", "message": "Error during deployment: [WinError 2] The system cannot find the file specified", "filename": "deploy_schema.py", "lineno": 52}
{"asctime": "2025-11-27 13:58:35,371", "levelname": "INFO", "name": "app_logger", "message": "Initializing login API router...", "filename": "homepage_api.py", "lineno": 7}
{"asctime": "2025-11-27 13:58:35,374", "levelname": "INFO", "name": "app_logger", "message": "deploy schema router included: /deploy-schema", "filename": "main_routers.py", "lineno": 46}
{"asctime": "2025-11-27 13:58:54,457", "levelname": "INFO", "name": "app_logger", "message": "Deploy requested: db_type=Snowflake, database=sf_db1, schema=raw, schema_version=v1.0", "filename": "deploy_schema.py", "lineno": 35}
{"asctime": "2025-11-27 13:58:54,458", "levelname": "INFO", "name": "app_logger", "message": "Executing Liquibase command: liquibase --changeLogFile=C:\\Users\\ravi.kumar\\Desktop\\my_data_engineering_project\\my_data_engineering_project\\sdk\\core\\liquibase\\db.changelog-master.xml --url=jdbc:snowflake://VZWDSIV-YW36212.snowflakecomputing.com/?db=sf_db1&schema=raw --driver=net.snowflake.client.jdbc.SnowflakeDriver --username=SNOWFLAKE --password=Snowflake@1010 update", "filename": "deploy.py", "lineno": 24}
{"asctime": "2025-11-27 13:58:54,462", "levelname": "ERROR", "name": "app_logger", "message": "Error during deployment: [WinError 2] The system cannot find the file specified", "filename": "deploy_schema.py", "lineno": 52}
{"asctime": "2025-11-27 14:14:21,280", "levelname": "INFO", "name": "app_logger", "message": "Initializing login API router...", "filename": "homepage_api.py", "lineno": 7}
{"asctime": "2025-11-27 14:14:21,282", "levelname": "INFO", "name": "app_logger", "message": "deploy schema router included: /deploy-schema", "filename": "main_routers.py", "lineno": 46}
{"asctime": "2025-11-27 14:14:50,180", "levelname": "INFO", "name": "app_logger", "message": "Deploy requested: db_type=Snowflake, database=sf_db1, schema=raw, schema_version=v1.0", "filename": "deploy_schema.py", "lineno": 35}
{"asctime": "2025-11-27 14:14:50,181", "levelname": "ERROR", "name": "app_logger", "message": "Error during deployment: 'account'", "filename": "deploy_schema.py", "lineno": 52}
{"asctime": "2025-11-27 14:16:35,853", "levelname": "INFO", "name": "app_logger", "message": "Deploy requested: db_type=Snowflake, database=sf_db1, schema=raw, schema_version=v1.0", "filename": "deploy_schema.py", "lineno": 35}
{"asctime": "2025-11-27 14:16:35,854", "levelname": "ERROR", "name": "app_logger", "message": "Error during deployment: 'account'", "filename": "deploy_schema.py", "lineno": 52}
{"asctime": "2025-11-27 14:17:05,154", "levelname": "INFO", "name": "app_logger", "message": "Initializing login API router...", "filename": "homepage_api.py", "lineno": 7}
{"asctime": "2025-11-27 14:17:05,156", "levelname": "INFO", "name": "app_logger", "message": "deploy schema router included: /deploy-schema", "filename": "main_routers.py", "lineno": 46}
{"asctime": "2025-11-27 14:17:21,993", "levelname": "INFO", "name": "app_logger", "message": "Deploy requested: db_type=Snowflake, database=sf_db1, schema=raw, schema_version=v1.0", "filename": "deploy_schema.py", "lineno": 35}
{"asctime": "2025-11-27 14:17:21,994", "levelname": "INFO", "name": "app_logger", "message": "Executing Liquibase command: docker run --rm -v C:\\Users\\ravi.kumar\\Desktop\\my_data_engineering_project\\my_data_engineering_project\\sdk\\core\\liquibase:/changelogs -e JDBC_URL=jdbc:snowflake://VZWDSIV-YW36212.snowflakecomputing.com/?db=sf_db1&schema=raw -e JDBC_USERNAME=SNOWFLAKE -e JDBC_PASSWORD=Snowflake@1010 -e JDBC_DRIVER=net.snowflake.client.jdbc.SnowflakeDriver liquibase/liquibase --changeLogFile=/changelogs/db.changelog-master.xml update", "filename": "deploy.py", "lineno": 25}
{"asctime": "2025-11-27 14:17:23,125", "levelname": "ERROR", "name": "app_logger", "message": "Liquibase error: ####################################################\n##   _     _             _ _                      ##\n##  | |   (_)           (_) |                     ##\n##  | |    _  __ _ _   _ _| |__   __ _ ___  ___   ##\n##  | |   | |/ _` | | | | | '_ \\ / _` / __|/ _ \\  ##\n##  | |___| | (_| | |_| | | |_) | (_| \\__ \\  __/  ##\n##  \\_____/_|\\__, |\\__,_|_|_.__/ \\__,_|___/\\___|  ##\n##              | |                               ##\n##              |_|                               ##\n##                                                ## \n##  Get documentation at docs.liquibase.com       ##\n##  Get certified courses at learn.liquibase.com  ## \n##                                                ##\n####################################################\nStarting Liquibase at 08:46:00 using Java 21.0.8 (version 5.0.1 #9400 built at 2025-10-03 17:37+0000)\nLiquibase Version: 5.0.1\n\nError parsing command line: Invalid argument '--url': missing required argument. If you need to configure new liquibase project files and arguments, run the 'liquibase init project' command.\n\nFor detailed help, try 'liquibase --help' or 'liquibase <command-name> --help'\n", "filename": "deploy.py", "lineno": 31}
{"asctime": "2025-11-27 14:17:23,126", "levelname": "ERROR", "name": "app_logger", "message": "Deployment failed: ####################################################\n##   _     _             _ _                      ##\n##  | |   (_)           (_) |                     ##\n##  | |    _  __ _ _   _ _| |__   __ _ ___  ___   ##\n##  | |   | |/ _` | | | | | '_ \\ / _` / __|/ _ \\  ##\n##  | |___| | (_| | |_| | | |_) | (_| \\__ \\  __/  ##\n##  \\_____/_|\\__, |\\__,_|_|_.__/ \\__,_|___/\\___|  ##\n##              | |                               ##\n##              |_|                               ##\n##                                                ## \n##  Get documentation at docs.liquibase.com       ##\n##  Get certified courses at learn.liquibase.com  ## \n##                                                ##\n####################################################\nStarting Liquibase at 08:46:00 using Java 21.0.8 (version 5.0.1 #9400 built at 2025-10-03 17:37+0000)\nLiquibase Version: 5.0.1\n\nError parsing command line: Invalid argument '--url': missing required argument. If you need to configure new liquibase project files and arguments, run the 'liquibase init project' command.\n\nFor detailed help, try 'liquibase --help' or 'liquibase <command-name> --help'\n", "filename": "deploy_schema.py", "lineno": 49}
{"asctime": "2025-11-27 14:20:10,999", "levelname": "INFO", "name": "app_logger", "message": "Initializing login API router...", "filename": "homepage_api.py", "lineno": 7}
{"asctime": "2025-11-27 14:20:11,001", "levelname": "INFO", "name": "app_logger", "message": "deploy schema router included: /deploy-schema", "filename": "main_routers.py", "lineno": 46}
{"asctime": "2025-11-27 14:20:27,541", "levelname": "INFO", "name": "app_logger", "message": "Deploy requested: db_type=Snowflake, database=sf_db1, schema=raw, schema_version=v1.0", "filename": "deploy_schema.py", "lineno": 35}
{"asctime": "2025-11-27 14:20:27,541", "levelname": "INFO", "name": "app_logger", "message": "Executing Liquibase command: docker run --rm -v C:\\Users\\ravi.kumar\\Desktop\\my_data_engineering_project\\my_data_engineering_project\\sdk\\core\\liquibase:/changelogs -e JDBC_USERNAME=SNOWFLAKE -e JDBC_PASSWORD=Snowflake@1010 -e JDBC_DRIVER=net.snowflake.client.jdbc.SnowflakeDriver liquibase/liquibase --url=jdbc:snowflake://VZWDSIV-YW36212.snowflakecomputing.com/?db=sf_db1&schema=raw --changeLogFile=/changelogs/db.changelog-master.xml update", "filename": "deploy.py", "lineno": 25}
{"asctime": "2025-11-27 14:20:29,548", "levelname": "ERROR", "name": "app_logger", "message": "Liquibase error: ####################################################\n##   _     _             _ _                      ##\n##  | |   (_)           (_) |                     ##\n##  | |    _  __ _ _   _ _| |__   __ _ ___  ___   ##\n##  | |   | |/ _` | | | | | '_ \\ / _` / __|/ _ \\  ##\n##  | |___| | (_| | |_| | | |_) | (_| \\__ \\  __/  ##\n##  \\_____/_|\\__, |\\__,_|_|_.__/ \\__,_|___/\\___|  ##\n##              | |                               ##\n##              |_|                               ##\n##                                                ## \n##  Get documentation at docs.liquibase.com       ##\n##  Get certified courses at learn.liquibase.com  ## \n##                                                ##\n####################################################\nStarting Liquibase at 08:49:05 using Java 21.0.8 (version 5.0.1 #9400 built at 2025-10-03 17:37+0000)\nLiquibase Version: 5.0.1\n\nERROR: Exception Details\nERROR: Exception Primary Class:  RuntimeException\nERROR: Exception Primary Reason:  Cannot find database driver: net.snowflake.client.jdbc.SnowflakeDriver\nERROR: Exception Primary Source:  5.0.1\n\nUnexpected error running Liquibase: Cannot find database driver: net.snowflake.client.jdbc.SnowflakeDriver\n\nFor more information, please use the --log-level flag\n", "filename": "deploy.py", "lineno": 31}
{"asctime": "2025-11-27 14:20:29,549", "levelname": "ERROR", "name": "app_logger", "message": "Deployment failed: ####################################################\n##   _     _             _ _                      ##\n##  | |   (_)           (_) |                     ##\n##  | |    _  __ _ _   _ _| |__   __ _ ___  ___   ##\n##  | |   | |/ _` | | | | | '_ \\ / _` / __|/ _ \\  ##\n##  | |___| | (_| | |_| | | |_) | (_| \\__ \\  __/  ##\n##  \\_____/_|\\__, |\\__,_|_|_.__/ \\__,_|___/\\___|  ##\n##              | |                               ##\n##              |_|                               ##\n##                                                ## \n##  Get documentation at docs.liquibase.com       ##\n##  Get certified courses at learn.liquibase.com  ## \n##                                                ##\n####################################################\nStarting Liquibase at 08:49:05 using Java 21.0.8 (version 5.0.1 #9400 built at 2025-10-03 17:37+0000)\nLiquibase Version: 5.0.1\n\nERROR: Exception Details\nERROR: Exception Primary Class:  RuntimeException\nERROR: Exception Primary Reason:  Cannot find database driver: net.snowflake.client.jdbc.SnowflakeDriver\nERROR: Exception Primary Source:  5.0.1\n\nUnexpected error running Liquibase: Cannot find database driver: net.snowflake.client.jdbc.SnowflakeDriver\n\nFor more information, please use the --log-level flag\n", "filename": "deploy_schema.py", "lineno": 49}
{"asctime": "2025-11-27 14:56:03,819", "levelname": "INFO", "name": "app_logger", "message": "Initializing login API router...", "filename": "homepage_api.py", "lineno": 7}
{"asctime": "2025-11-27 14:56:03,824", "levelname": "INFO", "name": "app_logger", "message": "deploy schema router included: /deploy-schema", "filename": "main_routers.py", "lineno": 46}
{"asctime": "2025-11-27 14:56:23,086", "levelname": "INFO", "name": "app_logger", "message": "Deploy requested: db_type=Snowflake, database=sf_db1, schema=raw, schema_version=v1.0", "filename": "deploy_schema.py", "lineno": 35}
{"asctime": "2025-11-27 14:56:23,086", "levelname": "INFO", "name": "app_logger", "message": "Executing Liquibase command: docker run --rm -v C:\\Users\\ravi.kumar\\Desktop\\my_data_engineering_project\\my_data_engineering_project\\sdk\\core\\liquibase:/changelogs -e JDBC_USERNAME=SNOWFLAKE -e JDBC_PASSWORD=Snowflake@1010 -e JDBC_DRIVER=net.snowflake.client.jdbc.SnowflakeDriver my-liquibase-image --url=jdbc:snowflake://VZWDSIV-YW36212.snowflakecomputing.com/?db=sf_db1&schema=raw --changeLogFile=/changelogs/db.changelog-master.xml update", "filename": "deploy.py", "lineno": 25}
{"asctime": "2025-11-27 14:56:26,514", "levelname": "ERROR", "name": "app_logger", "message": "Liquibase error: ####################################################\n##   _     _             _ _                      ##\n##  | |   (_)           (_) |                     ##\n##  | |    _  __ _ _   _ _| |__   __ _ ___  ___   ##\n##  | |   | |/ _` | | | | | '_ \\ / _` / __|/ _ \\  ##\n##  | |___| | (_| | |_| | | |_) | (_| \\__ \\  __/  ##\n##  \\_____/_|\\__, |\\__,_|_|_.__/ \\__,_|___/\\___|  ##\n##              | |                               ##\n##              |_|                               ##\n##                                                ## \n##  Get documentation at docs.liquibase.com       ##\n##  Get certified courses at learn.liquibase.com  ## \n##                                                ##\n####################################################\nStarting Liquibase at 09:25:01 using Java 21.0.8 (version 5.0.1 #9400 built at 2025-10-03 17:37+0000)\nLiquibase Version: 5.0.1\n\nERROR: Exception Details\nERROR: Exception Primary Class:  SnowflakeSQLLoggedException\nERROR: Exception Primary Reason:  Missing user name.\nERROR: Exception Primary Source:  5.0.1\n\nUnexpected error running Liquibase: Connection could not be created to jdbc:snowflake://VZWDSIV-YW36212.snowflakecomputing.com/?db=sf_db1&schema=raw with driver net.snowflake.client.jdbc.SnowflakeDriver.  Missing user name.\n\nFor more information, please use the --log-level flag\n", "filename": "deploy.py", "lineno": 31}
{"asctime": "2025-11-27 14:56:26,515", "levelname": "ERROR", "name": "app_logger", "message": "Deployment failed: ####################################################\n##   _     _             _ _                      ##\n##  | |   (_)           (_) |                     ##\n##  | |    _  __ _ _   _ _| |__   __ _ ___  ___   ##\n##  | |   | |/ _` | | | | | '_ \\ / _` / __|/ _ \\  ##\n##  | |___| | (_| | |_| | | |_) | (_| \\__ \\  __/  ##\n##  \\_____/_|\\__, |\\__,_|_|_.__/ \\__,_|___/\\___|  ##\n##              | |                               ##\n##              |_|                               ##\n##                                                ## \n##  Get documentation at docs.liquibase.com       ##\n##  Get certified courses at learn.liquibase.com  ## \n##                                                ##\n####################################################\nStarting Liquibase at 09:25:01 using Java 21.0.8 (version 5.0.1 #9400 built at 2025-10-03 17:37+0000)\nLiquibase Version: 5.0.1\n\nERROR: Exception Details\nERROR: Exception Primary Class:  SnowflakeSQLLoggedException\nERROR: Exception Primary Reason:  Missing user name.\nERROR: Exception Primary Source:  5.0.1\n\nUnexpected error running Liquibase: Connection could not be created to jdbc:snowflake://VZWDSIV-YW36212.snowflakecomputing.com/?db=sf_db1&schema=raw with driver net.snowflake.client.jdbc.SnowflakeDriver.  Missing user name.\n\nFor more information, please use the --log-level flag\n", "filename": "deploy_schema.py", "lineno": 49}
{"asctime": "2025-11-27 15:00:17,865", "levelname": "INFO", "name": "app_logger", "message": "Initializing login API router...", "filename": "homepage_api.py", "lineno": 7}
{"asctime": "2025-11-27 15:00:17,869", "levelname": "INFO", "name": "app_logger", "message": "deploy schema router included: /deploy-schema", "filename": "main_routers.py", "lineno": 46}
{"asctime": "2025-11-27 15:00:59,391", "levelname": "INFO", "name": "app_logger", "message": "Deploy requested: db_type=Snowflake, database=sf_db1, schema=raw, schema_version=v1.0", "filename": "deploy_schema.py", "lineno": 35}
{"asctime": "2025-11-27 15:00:59,391", "levelname": "INFO", "name": "app_logger", "message": "Executing Liquibase command: docker run --rm -v C:\\Users\\ravi.kumar\\Desktop\\my_data_engineering_project\\my_data_engineering_project\\sdk\\core\\liquibase:/changelogs my-liquibase-image --url=jdbc:snowflake://VZWDSIV-YW36212.snowflakecomputing.com/?db=sf_db1&schema=raw --username SNOWFLAKE --password Snowflake@1010 --changeLogFile=/changelogs/db.changelog-master.xml update", "filename": "deploy.py", "lineno": 24}
{"asctime": "2025-11-27 15:01:03,539", "levelname": "ERROR", "name": "app_logger", "message": "Liquibase error: ####################################################\n##   _     _             _ _                      ##\n##  | |   (_)           (_) |                     ##\n##  | |    _  __ _ _   _ _| |__   __ _ ___  ___   ##\n##  | |   | |/ _` | | | | | '_ \\ / _` / __|/ _ \\  ##\n##  | |___| | (_| | |_| | | |_) | (_| \\__ \\  __/  ##\n##  \\_____/_|\\__, |\\__,_|_|_.__/ \\__,_|___/\\___|  ##\n##              | |                               ##\n##              |_|                               ##\n##                                                ## \n##  Get documentation at docs.liquibase.com       ##\n##  Get certified courses at learn.liquibase.com  ## \n##                                                ##\n####################################################\nStarting Liquibase at 09:29:38 using Java 21.0.8 (version 5.0.1 #9400 built at 2025-10-03 17:37+0000)\nLiquibase Version: 5.0.1\n\nERROR: Exception Details\nERROR: Exception Primary Class:  ValidatorException\nERROR: Exception Primary Reason:  No trusted certificate found\nERROR: Exception Primary Source:  5.0.1\n\nUnexpected error running Liquibase: Connection could not be created to jdbc:snowflake://VZWDSIV-YW36212.snowflakecomputing.com/?db=sf_db1&schema=raw with driver net.snowflake.client.jdbc.SnowflakeDriver.  JDBC driver encountered communication error. Message: No trusted certificate found.\n\nFor more information, please use the --log-level flag\n", "filename": "deploy.py", "lineno": 30}
{"asctime": "2025-11-27 15:01:03,543", "levelname": "ERROR", "name": "app_logger", "message": "Deployment failed: ####################################################\n##   _     _             _ _                      ##\n##  | |   (_)           (_) |                     ##\n##  | |    _  __ _ _   _ _| |__   __ _ ___  ___   ##\n##  | |   | |/ _` | | | | | '_ \\ / _` / __|/ _ \\  ##\n##  | |___| | (_| | |_| | | |_) | (_| \\__ \\  __/  ##\n##  \\_____/_|\\__, |\\__,_|_|_.__/ \\__,_|___/\\___|  ##\n##              | |                               ##\n##              |_|                               ##\n##                                                ## \n##  Get documentation at docs.liquibase.com       ##\n##  Get certified courses at learn.liquibase.com  ## \n##                                                ##\n####################################################\nStarting Liquibase at 09:29:38 using Java 21.0.8 (version 5.0.1 #9400 built at 2025-10-03 17:37+0000)\nLiquibase Version: 5.0.1\n\nERROR: Exception Details\nERROR: Exception Primary Class:  ValidatorException\nERROR: Exception Primary Reason:  No trusted certificate found\nERROR: Exception Primary Source:  5.0.1\n\nUnexpected error running Liquibase: Connection could not be created to jdbc:snowflake://VZWDSIV-YW36212.snowflakecomputing.com/?db=sf_db1&schema=raw with driver net.snowflake.client.jdbc.SnowflakeDriver.  JDBC driver encountered communication error. Message: No trusted certificate found.\n\nFor more information, please use the --log-level flag\n", "filename": "deploy_schema.py", "lineno": 49}
{"asctime": "2025-11-27 15:07:17,143", "levelname": "INFO", "name": "app_logger", "message": "Initializing login API router...", "filename": "homepage_api.py", "lineno": 7}
{"asctime": "2025-11-27 15:07:17,146", "levelname": "INFO", "name": "app_logger", "message": "deploy schema router included: /deploy-schema", "filename": "main_routers.py", "lineno": 46}
{"asctime": "2025-11-27 15:07:38,900", "levelname": "INFO", "name": "app_logger", "message": "Deploy requested: db_type=Snowflake, database=sf_db1, schema=raw, schema_version=v1.0", "filename": "deploy_schema.py", "lineno": 35}
{"asctime": "2025-11-27 15:07:38,901", "levelname": "INFO", "name": "app_logger", "message": "Executing Liquibase command: docker run --rm -v C:\\Users\\ravi.kumar\\Desktop\\my_data_engineering_project\\my_data_engineering_project\\sdk\\core\\liquibase:/changelogs my-liquibase-image --url=jdbc:snowflake://VZWDSIV-YW36212.snowflakecomputing.com/?db=sf_db1&schema=raw&insecureMode=true --username SNOWFLAKE --password Snowflake@1010 --changeLogFile=/changelogs/db.changelog-master.xml update", "filename": "deploy.py", "lineno": 30}
{"asctime": "2025-11-27 15:07:43,111", "levelname": "ERROR", "name": "app_logger", "message": "Liquibase error: ####################################################\n##   _     _             _ _                      ##\n##  | |   (_)           (_) |                     ##\n##  | |    _  __ _ _   _ _| |__   __ _ ___  ___   ##\n##  | |   | |/ _` | | | | | '_ \\ / _` / __|/ _ \\  ##\n##  | |___| | (_| | |_| | | |_) | (_| \\__ \\  __/  ##\n##  \\_____/_|\\__, |\\__,_|_|_.__/ \\__,_|___/\\___|  ##\n##              | |                               ##\n##              |_|                               ##\n##                                                ## \n##  Get documentation at docs.liquibase.com       ##\n##  Get certified courses at learn.liquibase.com  ## \n##                                                ##\n####################################################\nStarting Liquibase at 09:36:17 using Java 21.0.8 (version 5.0.1 #9400 built at 2025-10-03 17:37+0000)\nLiquibase Version: 5.0.1\n\nERROR: Exception Details\nERROR: Exception Primary Class:  SunCertPathBuilderException\nERROR: Exception Primary Reason:  unable to find valid certification path to requested target\nERROR: Exception Primary Source:  5.0.1\n\nUnexpected error running Liquibase: Connection could not be created to jdbc:snowflake://VZWDSIV-YW36212.snowflakecomputing.com/?db=sf_db1&schema=raw&insecureMode=true with driver net.snowflake.client.jdbc.SnowflakeDriver.  JDBC driver encountered communication error. Message: PKIX path building failed: sun.security.provider.certpath.SunCertPathBuilderException: unable to find valid certification path to requested target.\n\nFor more information, please use the --log-level flag\n", "filename": "deploy.py", "lineno": 36}
{"asctime": "2025-11-27 15:07:43,113", "levelname": "ERROR", "name": "app_logger", "message": "Deployment failed: ####################################################\n##   _     _             _ _                      ##\n##  | |   (_)           (_) |                     ##\n##  | |    _  __ _ _   _ _| |__   __ _ ___  ___   ##\n##  | |   | |/ _` | | | | | '_ \\ / _` / __|/ _ \\  ##\n##  | |___| | (_| | |_| | | |_) | (_| \\__ \\  __/  ##\n##  \\_____/_|\\__, |\\__,_|_|_.__/ \\__,_|___/\\___|  ##\n##              | |                               ##\n##              |_|                               ##\n##                                                ## \n##  Get documentation at docs.liquibase.com       ##\n##  Get certified courses at learn.liquibase.com  ## \n##                                                ##\n####################################################\nStarting Liquibase at 09:36:17 using Java 21.0.8 (version 5.0.1 #9400 built at 2025-10-03 17:37+0000)\nLiquibase Version: 5.0.1\n\nERROR: Exception Details\nERROR: Exception Primary Class:  SunCertPathBuilderException\nERROR: Exception Primary Reason:  unable to find valid certification path to requested target\nERROR: Exception Primary Source:  5.0.1\n\nUnexpected error running Liquibase: Connection could not be created to jdbc:snowflake://VZWDSIV-YW36212.snowflakecomputing.com/?db=sf_db1&schema=raw&insecureMode=true with driver net.snowflake.client.jdbc.SnowflakeDriver.  JDBC driver encountered communication error. Message: PKIX path building failed: sun.security.provider.certpath.SunCertPathBuilderException: unable to find valid certification path to requested target.\n\nFor more information, please use the --log-level flag\n", "filename": "deploy_schema.py", "lineno": 49}
{"asctime": "2025-11-27 15:16:32,482", "levelname": "INFO", "name": "app_logger", "message": "Initializing login API router...", "filename": "homepage_api.py", "lineno": 7}
{"asctime": "2025-11-27 15:16:32,490", "levelname": "INFO", "name": "app_logger", "message": "deploy schema router included: /deploy-schema", "filename": "main_routers.py", "lineno": 46}
{"asctime": "2025-11-27 15:16:53,700", "levelname": "INFO", "name": "app_logger", "message": "Deploy requested: db_type=Snowflake, database=sf_db1, schema=raw, schema_version=v1.0", "filename": "deploy_schema.py", "lineno": 35}
{"asctime": "2025-11-27 15:16:53,700", "levelname": "INFO", "name": "app_logger", "message": "Executing Liquibase command: docker run --rm -v C:\\Users\\ravi.kumar\\Desktop\\my_data_engineering_project\\my_data_engineering_project\\sdk\\core\\liquibase:/changelogs my-liquibase-image --url=jdbc:snowflake://VZWDSIV-YW36212.snowflakecomputing.com/?db=sf_db1&schema=raw&insecureMode=true --username SNOWFLAKE --password Snowflake@1010 --changeLogFile=/changelogs/db.changelog-master.xml update", "filename": "deploy.py", "lineno": 30}
{"asctime": "2025-11-27 15:16:57,737", "levelname": "ERROR", "name": "app_logger", "message": "Liquibase error: ####################################################\n##   _     _             _ _                      ##\n##  | |   (_)           (_) |                     ##\n##  | |    _  __ _ _   _ _| |__   __ _ ___  ___   ##\n##  | |   | |/ _` | | | | | '_ \\ / _` / __|/ _ \\  ##\n##  | |___| | (_| | |_| | | |_) | (_| \\__ \\  __/  ##\n##  \\_____/_|\\__, |\\__,_|_|_.__/ \\__,_|___/\\___|  ##\n##              | |                               ##\n##              |_|                               ##\n##                                                ## \n##  Get documentation at docs.liquibase.com       ##\n##  Get certified courses at learn.liquibase.com  ## \n##                                                ##\n####################################################\nStarting Liquibase at 09:46:55 using Java 21.0.8 (version 5.0.1 #9400 built at 2025-10-03 17:37+0000)\nLiquibase Version: 5.0.1\n\nERROR: Exception Details\nERROR: Exception Primary Class:  SunCertPathBuilderException\nERROR: Exception Primary Reason:  unable to find valid certification path to requested target\nERROR: Exception Primary Source:  5.0.1\n\nUnexpected error running Liquibase: Connection could not be created to jdbc:snowflake://VZWDSIV-YW36212.snowflakecomputing.com/?db=sf_db1&schema=raw&insecureMode=true with driver net.snowflake.client.jdbc.SnowflakeDriver.  JDBC driver encountered communication error. Message: PKIX path building failed: sun.security.provider.certpath.SunCertPathBuilderException: unable to find valid certification path to requested target.\n\nFor more information, please use the --log-level flag\n", "filename": "deploy.py", "lineno": 36}
{"asctime": "2025-11-27 15:16:57,739", "levelname": "ERROR", "name": "app_logger", "message": "Deployment failed: ####################################################\n##   _     _             _ _                      ##\n##  | |   (_)           (_) |                     ##\n##  | |    _  __ _ _   _ _| |__   __ _ ___  ___   ##\n##  | |   | |/ _` | | | | | '_ \\ / _` / __|/ _ \\  ##\n##  | |___| | (_| | |_| | | |_) | (_| \\__ \\  __/  ##\n##  \\_____/_|\\__, |\\__,_|_|_.__/ \\__,_|___/\\___|  ##\n##              | |                               ##\n##              |_|                               ##\n##                                                ## \n##  Get documentation at docs.liquibase.com       ##\n##  Get certified courses at learn.liquibase.com  ## \n##                                                ##\n####################################################\nStarting Liquibase at 09:46:55 using Java 21.0.8 (version 5.0.1 #9400 built at 2025-10-03 17:37+0000)\nLiquibase Version: 5.0.1\n\nERROR: Exception Details\nERROR: Exception Primary Class:  SunCertPathBuilderException\nERROR: Exception Primary Reason:  unable to find valid certification path to requested target\nERROR: Exception Primary Source:  5.0.1\n\nUnexpected error running Liquibase: Connection could not be created to jdbc:snowflake://VZWDSIV-YW36212.snowflakecomputing.com/?db=sf_db1&schema=raw&insecureMode=true with driver net.snowflake.client.jdbc.SnowflakeDriver.  JDBC driver encountered communication error. Message: PKIX path building failed: sun.security.provider.certpath.SunCertPathBuilderException: unable to find valid certification path to requested target.\n\nFor more information, please use the --log-level flag\n", "filename": "deploy_schema.py", "lineno": 49}
{"asctime": "2025-11-27 15:57:34,849", "levelname": "INFO", "name": "app_logger", "message": "Initializing login API router...", "filename": "homepage_api.py", "lineno": 7}
{"asctime": "2025-11-27 15:57:34,852", "levelname": "INFO", "name": "app_logger", "message": "deploy schema router included: /deploy-schema", "filename": "main_routers.py", "lineno": 46}
{"asctime": "2025-11-27 15:58:06,849", "levelname": "INFO", "name": "app_logger", "message": "Deploy requested: db_type=Snowflake, database=ETL, schema=RAW, schema_version=v1.0", "filename": "deploy_schema.py", "lineno": 59}
{"asctime": "2025-11-27 15:58:06,851", "levelname": "INFO", "name": "app_logger", "message": "Executing Liquibase command: docker run --rm -v C:\\Users\\ravi.kumar\\Desktop\\my_data_engineering_project\\my_data_engineering_project\\sdk\\core\\liquibase:/changelogs my-liquibase-image --url=jdbc:snowflake://VZWDSIV-YW36212.snowflakecomputing.com/?db=ETL&schema=RAW&insecureMode=true --username SNOWFLAKE --password Snowflake@1010 --changeLogFile=/changelogs/db.changelog-master.xml update", "filename": "deploy.py", "lineno": 30}
{"asctime": "2025-11-27 15:58:10,493", "levelname": "ERROR", "name": "app_logger", "message": "Liquibase error: ####################################################\n##   _     _             _ _                      ##\n##  | |   (_)           (_) |                     ##\n##  | |    _  __ _ _   _ _| |__   __ _ ___  ___   ##\n##  | |   | |/ _` | | | | | '_ \\ / _` / __|/ _ \\  ##\n##  | |___| | (_| | |_| | | |_) | (_| \\__ \\  __/  ##\n##  \\_____/_|\\__, |\\__,_|_|_.__/ \\__,_|___/\\___|  ##\n##              | |                               ##\n##              |_|                               ##\n##                                                ## \n##  Get documentation at docs.liquibase.com       ##\n##  Get certified courses at learn.liquibase.com  ## \n##                                                ##\n####################################################\nStarting Liquibase at 10:26:45 using Java 21.0.8 (version 5.0.1 #9400 built at 2025-10-03 17:37+0000)\nLiquibase Version: 5.0.1\n\nERROR: Exception Details\nERROR: Exception Primary Class:  SunCertPathBuilderException\nERROR: Exception Primary Reason:  unable to find valid certification path to requested target\nERROR: Exception Primary Source:  5.0.1\n\nUnexpected error running Liquibase: Connection could not be created to jdbc:snowflake://VZWDSIV-YW36212.snowflakecomputing.com/?db=ETL&schema=RAW&insecureMode=true with driver net.snowflake.client.jdbc.SnowflakeDriver.  JDBC driver encountered communication error. Message: PKIX path building failed: sun.security.provider.certpath.SunCertPathBuilderException: unable to find valid certification path to requested target.\n\nFor more information, please use the --log-level flag\n", "filename": "deploy.py", "lineno": 36}
{"asctime": "2025-11-27 15:58:10,494", "levelname": "ERROR", "name": "app_logger", "message": "Deployment failed: ####################################################\n##   _     _             _ _                      ##\n##  | |   (_)           (_) |                     ##\n##  | |    _  __ _ _   _ _| |__   __ _ ___  ___   ##\n##  | |   | |/ _` | | | | | '_ \\ / _` / __|/ _ \\  ##\n##  | |___| | (_| | |_| | | |_) | (_| \\__ \\  __/  ##\n##  \\_____/_|\\__, |\\__,_|_|_.__/ \\__,_|___/\\___|  ##\n##              | |                               ##\n##              |_|                               ##\n##                                                ## \n##  Get documentation at docs.liquibase.com       ##\n##  Get certified courses at learn.liquibase.com  ## \n##                                                ##\n####################################################\nStarting Liquibase at 10:26:45 using Java 21.0.8 (version 5.0.1 #9400 built at 2025-10-03 17:37+0000)\nLiquibase Version: 5.0.1\n\nERROR: Exception Details\nERROR: Exception Primary Class:  SunCertPathBuilderException\nERROR: Exception Primary Reason:  unable to find valid certification path to requested target\nERROR: Exception Primary Source:  5.0.1\n\nUnexpected error running Liquibase: Connection could not be created to jdbc:snowflake://VZWDSIV-YW36212.snowflakecomputing.com/?db=ETL&schema=RAW&insecureMode=true with driver net.snowflake.client.jdbc.SnowflakeDriver.  JDBC driver encountered communication error. Message: PKIX path building failed: sun.security.provider.certpath.SunCertPathBuilderException: unable to find valid certification path to requested target.\n\nFor more information, please use the --log-level flag\n", "filename": "deploy_schema.py", "lineno": 73}
{"asctime": "2025-12-03 15:07:02,636", "levelname": "INFO", "name": "app_logger", "message": "Deploy requested: db_type=Snowflake, database=ETL, schema=RAW, schema_version=v1.0", "filename": "deploy_schema.py", "lineno": 59}
{"asctime": "2025-12-03 15:07:02,636", "levelname": "INFO", "name": "app_logger", "message": "Executing Liquibase command: docker run --rm -v C:\\Users\\ravi.kumar\\Desktop\\my_data_engineering_project\\my_data_engineering_project\\sdk\\core\\liquibase:/changelogs my-liquibase-image --url=jdbc:snowflake://VZWDSIV-YW36212.snowflakecomputing.com/?db=ETL&schema=RAW&insecureMode=true --username SNOWFLAKE --password Snowflake@1010 --changeLogFile=/changelogs/db.changelog-master.xml update", "filename": "deploy.py", "lineno": 30}
{"asctime": "2025-12-03 15:07:07,438", "levelname": "ERROR", "name": "app_logger", "message": "Liquibase error: ####################################################\n##   _     _             _ _                      ##\n##  | |   (_)           (_) |                     ##\n##  | |    _  __ _ _   _ _| |__   __ _ ___  ___   ##\n##  | |   | |/ _` | | | | | '_ \\ / _` / __|/ _ \\  ##\n##  | |___| | (_| | |_| | | |_) | (_| \\__ \\  __/  ##\n##  \\_____/_|\\__, |\\__,_|_|_.__/ \\__,_|___/\\___|  ##\n##              | |                               ##\n##              |_|                               ##\n##                                                ## \n##  Get documentation at docs.liquibase.com       ##\n##  Get certified courses at learn.liquibase.com  ## \n##                                                ##\n####################################################\nStarting Liquibase at 09:35:31 using Java 21.0.8 (version 5.0.1 #9400 built at 2025-10-03 17:37+0000)\nLiquibase Version: 5.0.1\n\nERROR: Exception Details\nERROR: Exception Primary Class:  SunCertPathBuilderException\nERROR: Exception Primary Reason:  unable to find valid certification path to requested target\nERROR: Exception Primary Source:  5.0.1\n\nUnexpected error running Liquibase: Connection could not be created to jdbc:snowflake://VZWDSIV-YW36212.snowflakecomputing.com/?db=ETL&schema=RAW&insecureMode=true with driver net.snowflake.client.jdbc.SnowflakeDriver.  JDBC driver encountered communication error. Message: PKIX path building failed: sun.security.provider.certpath.SunCertPathBuilderException: unable to find valid certification path to requested target.\n\nFor more information, please use the --log-level flag\n", "filename": "deploy.py", "lineno": 36}
{"asctime": "2025-12-03 15:07:07,439", "levelname": "ERROR", "name": "app_logger", "message": "Deployment failed: ####################################################\n##   _     _             _ _                      ##\n##  | |   (_)           (_) |                     ##\n##  | |    _  __ _ _   _ _| |__   __ _ ___  ___   ##\n##  | |   | |/ _` | | | | | '_ \\ / _` / __|/ _ \\  ##\n##  | |___| | (_| | |_| | | |_) | (_| \\__ \\  __/  ##\n##  \\_____/_|\\__, |\\__,_|_|_.__/ \\__,_|___/\\___|  ##\n##              | |                               ##\n##              |_|                               ##\n##                                                ## \n##  Get documentation at docs.liquibase.com       ##\n##  Get certified courses at learn.liquibase.com  ## \n##                                                ##\n####################################################\nStarting Liquibase at 09:35:31 using Java 21.0.8 (version 5.0.1 #9400 built at 2025-10-03 17:37+0000)\nLiquibase Version: 5.0.1\n\nERROR: Exception Details\nERROR: Exception Primary Class:  SunCertPathBuilderException\nERROR: Exception Primary Reason:  unable to find valid certification path to requested target\nERROR: Exception Primary Source:  5.0.1\n\nUnexpected error running Liquibase: Connection could not be created to jdbc:snowflake://VZWDSIV-YW36212.snowflakecomputing.com/?db=ETL&schema=RAW&insecureMode=true with driver net.snowflake.client.jdbc.SnowflakeDriver.  JDBC driver encountered communication error. Message: PKIX path building failed: sun.security.provider.certpath.SunCertPathBuilderException: unable to find valid certification path to requested target.\n\nFor more information, please use the --log-level flag\n", "filename": "deploy_schema.py", "lineno": 73}
